<html>
<body>
<pre>
<h1>µVision Build Log</h1>
<h2>Tool Versions:</h2>
IDE-Version: ¦ÌVision V5.20.0.0
Copyright (C) 2016 ARM Ltd and ARM Germany GmbH. All rights reserved.
License Information: Tang Yuenjee, Hewlett-Packard, LIC=WHY74-FTHZ3-LCUJF-6L2HR-1TV5L-PF3C5
 
Tool Versions:
Toolchain:       MDK-ARM Plus  Version: 5.20
Toolchain Path:  C:\Keil_v5\ARM\ARMCC\Bin
C Compiler:      Armcc.exe V5.06 update 2 (build 183)
Assembler:       Armasm.exe V5.06 update 2 (build 183)
Linker/Locator:  ArmLink.exe V5.06 update 2 (build 183)
Library Manager: ArmAr.exe V5.06 update 2 (build 183)
Hex Converter:   FromElf.exe V5.06 update 2 (build 183)
CPU DLL:         SARMCM3.DLL V5.20
Dialog DLL:      DCM.DLL V1.13.7.0
Target DLL:      Segger\JL2CM3.dll V2.99.20.0
Dialog DLL:      TCM.DLL V1.14.9.0
 
<h2>Project:</h2>
C:\Users\Yuenjee\Desktop\CC1101\MDK-ARM\Project.uvprojx
Project File Date:  05/26/2017

<h2>Output:</h2>
*** Using Compiler 'V5.06 update 2 (build 183)', folder: 'C:\Keil_v5\ARM\ARMCC\Bin'
Build target 'Qitas'
compiling misc.c...
compiling stm32f10x_it.c...
compiling main.c...
..\USER\main.c(70): warning:  #111-D: statement is unreachable
  		NVIC_SystemReset();
..\USER\main.c(48): warning:  #177-D: variable "cnt" was declared but never referenced
  	  u8 cnt;
..\USER\main.c(49): warning:  #177-D: variable "buff" was declared but never referenced
      u16 buff;
..\USER\main.c: 3 warnings, 0 errors
compiling stm32f10x_gpio.c...
compiling stm32f10x_flash.c...
compiling stm32f10x_rcc.c...
compiling stm32f10x_adc.c...
compiling stm32f10x_bkp.c...
compiling stm32f10x_can.c...
compiling stm32f10x_crc.c...
compiling stm32f10x_cec.c...
compiling stm32f10x_dac.c...
compiling stm32f10x_dma.c...
compiling stm32f10x_dbgmcu.c...
compiling stm32f10x_exti.c...
compiling stm32f10x_iwdg.c...
compiling stm32f10x_i2c.c...
compiling stm32f10x_fsmc.c...
compiling stm32f10x_pwr.c...
compiling stm32f10x_rtc.c...
compiling stm32f10x_sdio.c...
compiling stm32f10x_spi.c...
compiling stm32f10x_usart.c...
compiling stm32f10x_tim.c...
compiling stm32f10x_wwdg.c...
compiling system_stm32f10x.c...
compiling usart1.c...
compiling CC1101.c...
..\USER\Connect\CC1101\CC1101.c(273): warning:  #177-D: variable "packetLength" was declared but never referenced
      u8 packetLength;
..\USER\Connect\CC1101\CC1101.c(460): warning:  #940-D: missing return statement at end of non-void function "RX_GDO"
  }
..\USER\Connect\CC1101\CC1101.c: 2 warnings, 0 errors
compiling SPI.c...
..\USER\Connect\CC1101\SPI.c(167): warning:  #940-D: missing return statement at end of non-void function "GDO0_IRQ"
  }
..\USER\Connect\CC1101\SPI.c(198): warning:  #940-D: missing return statement at end of non-void function "GDO1_IRQ"
  }
..\USER\Connect\CC1101\SPI.c(229): warning:  #940-D: missing return statement at end of non-void function "GDO2_IRQ"
  }
..\USER\Connect\CC1101\SPI.c(344): warning:  #1-D: last line of file ends without a newline
  }
..\USER\Connect\CC1101\SPI.c: 4 warnings, 0 errors
linking...
Program Size: Code=3720 RO-data=336 RW-data=16 ZI-data=2224  
FromELF: creating hex file...
".\Obj\Project.axf" - 0 Error(s), 9 Warning(s).

<h2>Collection of Component include folders:</h2>
  C:\Users\Yuenjee\Desktop\CC1101\MDK-ARM\RTE
  C:\Keil_v5\ARM\PACK\Keil\STM32F1xx_DFP\2.1.0\Device\Include

<h2>Collection of Component Files used:</h2>
Build Time Elapsed:  00:00:06
</pre>
</body>
</html>
